########################################################################
#tttttt................................##.....................#........#
#.t>ttt...........##################...##..#################..#...#t#..#
#ttttt............##################...##..#################..+........#
#.##############..##################...##..#################..##########
#.##############..##################...##..............................#
#.##############..##################...##..............................#
#.##############.......................##..#####################.......#
#.##############.......................##..#####################.......#
#.##############..##################...##..#####################.......#
#.##############..##################...##..#####################.......#
#.##############..##################...##..#####################.......#
#.##############..##################...##..#####################.......#
#.................##################...##..#####################.......#
#.................##################...##..#####################.......#
#.##############..##################...##..#####################.......#
#.##############..##################...##..#####################.......#
#.##############..##################...##..#####################.......#
#.##############.......................##..............................#
#.##############.......................##..............................#
#.##############..##################...##..#####################.......#
#.##############..##################...##..#####################.......#
#.##############..##################...##..#####################.......#
#.##############..##################...##..#####################.......#
#.................##################...##..#####################.......#
#.................##################...##..#####################.......#
#.##############..##################...##..#####################.......#
#.##############..##################...##..#####################.......#
#.##############..##################...##..#####################.......#
#.##############..##################...##..#####################.......#
#.##############..##################...##..#####################.......#
#......................................................................#
#......................................................................#
##################################++####################################
#......................................................................#
#......................................................................#
#.................................<....................................#
#......................................................................#
#......................................................................#
########################################################################