##############################################################################################################
#..................................................#.........................................................#
#..................................................#.........................................................#
#..................................................#.........................................................#
#..................................................#....#################################################....#
#..........#########################...............#....#....................................................#
#..........#>..#.............#.....#...............#....#.#################..................................#
#..........#.######.#####.######...#...............#....#.#........#......#..................................#
#..........#.#tttt#.#ttt#.#tttt#...#...............#....#.#........#....###..................................#
#..........#.#tttt#.#ttt#.#tttt#...#...............#....#.#........+....###..................................#
#..........#.######.#####.######...#...............#....#.#+###############..................................#
#..........#..........#............#...............#....#.#...............+..................................#
#..........#..######..##..######...#...............#....#.##+##############..................................#
#..........#..#tttt#####..#tttt#...#...............#....#.#...............#..................................#
#..........####tttt#..##..#tttt#...#...............#....#.#################..................................#
#..........#..#tttt#..##..#tttt#...#...............#....#....................................................#
#..........#..#tttt#..##..#tttt#####...............#....#....................................................#
#..........#..######..##..######...#...............#....#....................................................#
#..........#.....#.................#...............#....#....................................................#
#..........#.....#.................#...............#....#....................................................#
#..........#..######..##..######...#...............#....#....................................................#
#..........#..#tttt#..##..#tttt#...#...............#....#....................................................#
#..........#..#tttt#####..#tttt#...#...............#....#....................................................#
#..........#..#tttt#..##..#tttt#...#...............#....#....................................................#
#..........#..#tttt#..##..#tttt#...#...............#....#....................................................#
#..........#..######..##########...#...............#....#....................................................#
#..........#.......................#...............#....#....................................................#
#..........###########++############...............#....#....................................................#
#..................................................#....#....................................................#
#..................................................#....#....................................................#
#..................................................#....#....................................................#
#..................................................#....#....................................................#
#..................................................#....#....................................................#
#####################....###########################....#########################....#########################
                    #...................................#                       #....#                        
                    #...................................#                    ####....####                     
                    #...................................#                    #.....<....#                     
                    #####################################                    ############                     