########################################################################
#......................................................................#
#......................................................................#
#......................................................................#
#......................................................................#
#......................................................................#
#......................................................................#
#..........................................#####################.......#
#..........................................#ttttttttttttttttttt#.......#
#..........................................#ttttttttttttttttttt#.......#
#..........................................#ttttttttttttttttttt#.......#
#..........................................#ttttttttttttttttttt#.......#
#..........................................#ttttttttttttttttttt#.......#
#..........................................#ttttttttttttttttttt#.......#
#..........................................#ttttttttttttttttttt#.......#
#..........................................#ttttttttttttttttttt#.......#
#..........................................#ttttttttttttttttttt#.......#
#..........................................#####################.......#
#......................................................................#
#......................................................................#
#..........................................#####################.......#
#..........................................#ttttttttttttttttttt#.......#
#..........................................#ttttttttttttttttttt#.......#
#..........................................#ttttttttttttttttttt#.......#
#..........................................#ttttttttttttttttttt#.......#
#..........................................#ttttttttttttttttttt#.......#
#..........................................#ttttttttttttttttttt#.......#
#..........................................#ttttttttttttttttttt#.......#
#..........................................#ttttttttttttttttttt#.......#
#..........................................#ttttttttttttttttttt#.......#
#..........................................#####################.......#
#......................................................................#
#......................................................................#
##################################++####################################
#......................................................................#
#......................................................................#
#.................................<..........................>.........#
#......................................................................#
#......................................................................#
########################################################################